multilineString: |-
  line 1
  line 2
  line 3
indent:
  multilineString: |-
    line 1
    line 2
    line 3
  indent:
    multilineString: |-
      line 1
      line 2
      line 3